
> capture
> node tools/capture.js

narration: 20 lines, 2:01 spoken (say Karen (Premium) at 202 wpm)
projected runtime 2:24 (spoken 2:01 + ~23s of picture)
   0.6s  A marketer asks an agent about a partner's audience.
   6.0s  It can't. That tool is not registered — getTools() never returns it.
  12.2s  A permission check can be argued past. A missing tool cannot.
  20.0s  Two companies. One question neither can answer.
  27.6s  Today: a clean-room vendor, six figures, both files uploaded.
  36.6s  Airlock is two ordinary web apps, on two different origins.
  45.4s  WebMCP: each app declares what it can do.
  56.7s  Asking for the records directly is refused outright.
  60.5s  Approval is a business decision. A person makes it on each side.
  65.0s  The request crosses to the publisher's console as a tool call.
  72.1s  Two approvals → registerTool(). Watch the tool list.
  79.0s  2,178 shared. 13,057 more reachable. Zero records moved.
  88.0s  The publisher also returned free text — and it is an attack.
  93.6s  Quarantined as text. Never followed as an instruction.
 100.9s  Too few people matched. The number is withheld, not rounded.
 107.4s  Every crossing is on the record, for both companies.
 111.0s  exposedTo: four capabilities to this origin, nothing else.
 118.6s  All of it: registerTool · exposedTo · getTools · executeTool.
 130.6s  Withdraw approval → the signal aborts → the tool is gone.
 136.8s  A permission check can be argued past. A tool that does not exist cannot.
github.com/jwlai-cloud/airlock-webmcp

/Users/junwei.lai/Projects/Agent/airlock-webmcp/.airlock-video/airlock-demo.mp4
runtime 2:23  (limit 3:00)
