narration: 25 lines, 2:19 spoken (your own recording)
projected runtime 2:44 (spoken 2:19 + ~26s of picture)
   0.3s  A marketer asks an agent about a partner's audience.
   3.3s  Bring your own model — the key stays in your browser.
   8.1s  getTools() to discover. executeTool() to call.
  11.9s  estimate_overlap was never registered. Nothing to call.
  17.9s  A permission check can be argued past. A missing tool cannot.
  23.5s  Two companies. Neither may see the other's list.
  30.6s  Two origins. Aggregates cross; records never do.
  36.0s  WebMCP: a page declares what it can do.
  41.2s  exposedTo names one origin. A third gets no denial.
  49.7s  allow="tools" — the frame is how the crossing is permitted at all.
  57.0s  getTools({fromOrigins}) · executeTool() · browser-mediated.
  68.2s  The description is prompt, not documentation.
  79.7s  One tool is a <form>. The browser writes its schema.
  85.2s  Three published facts about this API were wrong.
 100.3s  Asking for the records is refused outright.
 103.1s  Approval is a business decision — one on each side.
 107.7s  It crosses to the publisher's console as a WebMCP tool call.
 113.9s  registerTool({signal}) · toolchange fires · watch the list.
 119.1s  2,178 shared. 13,057 more reachable. Zero records moved.
 122.3s  untrustedContentHint — but a hint enforces nothing.
 133.6s  Too few people matched. Withheld, not rounded.
 137.2s  25 automated checks, against the deployed pair.
 146.7s  Three gates. None of them trusts the model.
 151.8s  Abort the signal → the tool is unregistered → gone.
 157.9s  A permission check can be argued past. A tool that does not exist cannot.
github.com/jwlai-cloud/airlock-webmcp
cutting 7 dead stretches, 11.3s total

/Users/junwei.lai/Projects/Agent/airlock-webmcp/.airlock-video/airlock-demo.mp4
runtime 2:32  (limit 3:00)
