narration: 20 lines, 1:48 spoken (your own recording)
projected runtime 2:44 (spoken 1:48 + ~55s of picture)
recording with a live model (key never rendered to the page)
   0.4s  A marketer asks an agent about a partner's audience.
  64.8s  The model calls a tool. Then it hits the boundary.
 129.4s  estimate_overlap is not registered — getTools() never returns it.
 135.9s  A permission check can be argued past. A missing tool cannot.
 143.4s  Two companies. One question neither can answer.
 148.9s  Today: a clean-room vendor, six figures, both files uploaded.
 155.9s  Airlock is built entirely from WebMCP.
 164.8s  exposedTo publishes to one origin. Nothing else can see them.
 172.7s  One tool is a <form>. The browser writes its schema.
 189.3s  Asking for the records directly is refused outright.
node:internal/process/promises:394
    triggerUncaughtException(err, true /* fromPromise */);
    ^

page.waitForTimeout: Target page, context or browser has been closed
    at Object.chip (/Users/junwei.lai/Projects/Agent/airlock-webmcp/tools/capture.js:442:16)
    at async Object.go (/Users/junwei.lai/Projects/Agent/airlock-webmcp/tools/capture.js:122:27)
    at async /Users/junwei.lai/Projects/Agent/airlock-webmcp/tools/capture.js:470:15 {
  log: []
}

Node.js v22.22.3
