narration: 23 lines, 2:29 spoken (your own recording)
projected runtime 2:52 (spoken 2:29 + ~23s of picture)
   0.1s  Airlock — two companies, one question neither can answer.
   6.4s  Neither may show the other its customer list.
  11.7s  Today: a clean-room vendor, a contract, six figures.
  18.8s  To measure the overlap, both lists leave the building.
  24.3s  Airlock starts as an ordinary web app.
  31.8s  WebMCP: the app declares what it can do.
  43.0s  An agent calls those tools — no screenshots, no guessing.
  47.6s  This answer needs a second origin — WebMCP's exposedTo.
  57.0s  That tool is not registered, so getTools() never returns it.
  66.0s  Nothing to call — and no wording brings it into existence.
  74.7s  Asking for the records directly is refused outright.
  78.2s  Approval is a business decision. A person makes it on each side.
  83.1s  The request crosses to the publisher's console as a tool call.
  91.4s  Two approvals → registerTool(). Watch the tool list.
  98.5s  2,178 shared. 13,057 more reachable. Zero records moved.
 108.1s  The publisher also returned free text — and it is an attack.
 114.3s  Quarantined as text. Never followed as an instruction.
 122.0s  Too few people matched. The number is withheld, not rounded.
 128.8s  Every crossing is on the record, for both companies.
 132.7s  exposedTo: four capabilities to this origin, nothing else.
 142.4s  All of it: registerTool · exposedTo · getTools · executeTool.
 155.5s  Withdraw approval → the signal aborts → the tool is gone.
 162.2s  A permission check can be argued past. A tool that does not exist cannot.
github.com/jwlai-cloud/airlock-webmcp

/Users/junwei.lai/Projects/Agent/airlock-webmcp/.airlock-video/airlock-demo.mp4
runtime 2:51  (limit 3:00)
